---
source: crates/next-code-frame/src/tests.rs
expression: result
---
  1 | ...bbbbbbbbbbbbbbbbbbbbbbbbbbbbbbbbbbbbbbbbbbbbbbbbbbbbbbbbbbbbbbbbbbbbbbbbbbbbbbbbbbbbbbbb...
> 2 | ...cccccccccccccccccccccccccccccccccccccccccccccccccccccccccccccccccccccccccccccccccccccccc...
    |                                                 ^
  3 | ...dddddddddddddddddddddddddddddddddddddddddddddddddddddddddddddddddddddddddddddddddddddddd...
